------------------------------------------------------------
TimeQuest Timing Analyzer Summary
------------------------------------------------------------

Type  : Slow 1200mV 85C Model Setup 'HCLK'
Slack : -6.090
TNS   : -1919.774

Type  : Slow 1200mV 85C Model Setup 'APB_UART:APB_UART_BLOCK|apb_interface:APB_INTERFACE_BLOCK|baud_rate_divisor:BAUD_RATE_DIVISOR_BLOCK|clk_out'
Slack : -4.091
TNS   : -54.572

Type  : Slow 1200mV 85C Model Setup 'UARTCLK'
Slack : -3.600
TNS   : -656.538

Type  : Slow 1200mV 85C Model Setup 'APB_UART:APB_UART_BLOCK|custom_fsm_wr_rd:CUSTOM_FSM_WR_RD_BLOCK|present_state.INIT'
Slack : -3.290
TNS   : -17.936

Type  : Slow 1200mV 85C Model Setup 'APB_UART:APB_UART_BLOCK|rx_fsm:RX_FSM_BLOCK|present_state.DATA_IS_5'
Slack : -2.597
TNS   : -27.431

Type  : Slow 1200mV 85C Model Setup 'APB_UART:APB_UART_BLOCK|uart_start_bit_detect:UART_START_BIT_DETECT_BLOCK|done_flag'
Slack : -1.396
TNS   : -4.303

Type  : Slow 1200mV 85C Model Setup 'AHB_SLAVE:AHB_APB_BRIDGE|FSM_AHB:State_machine|HwriteReg'
Slack : -0.606
TNS   : -4.798

Type  : Slow 1200mV 85C Model Setup 'stop_bit_twice'
Slack : 0.013
TNS   : 0.000

Type  : Slow 1200mV 85C Model Hold 'UARTCLK'
Slack : -3.544
TNS   : -25.758

Type  : Slow 1200mV 85C Model Hold 'stop_bit_twice'
Slack : -0.751
TNS   : -4.495

Type  : Slow 1200mV 85C Model Hold 'APB_UART:APB_UART_BLOCK|uart_start_bit_detect:UART_START_BIT_DETECT_BLOCK|done_flag'
Slack : -0.332
TNS   : -1.148

Type  : Slow 1200mV 85C Model Hold 'HCLK'
Slack : -0.164
TNS   : -0.703

Type  : Slow 1200mV 85C Model Hold 'APB_UART:APB_UART_BLOCK|apb_interface:APB_INTERFACE_BLOCK|baud_rate_divisor:BAUD_RATE_DIVISOR_BLOCK|clk_out'
Slack : 0.382
TNS   : 0.000

Type  : Slow 1200mV 85C Model Hold 'AHB_SLAVE:AHB_APB_BRIDGE|FSM_AHB:State_machine|HwriteReg'
Slack : 0.497
TNS   : 0.000

Type  : Slow 1200mV 85C Model Hold 'APB_UART:APB_UART_BLOCK|rx_fsm:RX_FSM_BLOCK|present_state.DATA_IS_5'
Slack : 0.789
TNS   : 0.000

Type  : Slow 1200mV 85C Model Hold 'APB_UART:APB_UART_BLOCK|custom_fsm_wr_rd:CUSTOM_FSM_WR_RD_BLOCK|present_state.INIT'
Slack : 1.723
TNS   : 0.000

Type  : Slow 1200mV 85C Model Minimum Pulse Width 'HCLK'
Slack : -3.000
TNS   : -575.000

Type  : Slow 1200mV 85C Model Minimum Pulse Width 'UARTCLK'
Slack : -3.000
TNS   : -338.000

Type  : Slow 1200mV 85C Model Minimum Pulse Width 'stop_bit_twice'
Slack : -3.000
TNS   : -3.000

Type  : Slow 1200mV 85C Model Minimum Pulse Width 'APB_UART:APB_UART_BLOCK|apb_interface:APB_INTERFACE_BLOCK|baud_rate_divisor:BAUD_RATE_DIVISOR_BLOCK|clk_out'
Slack : -1.000
TNS   : -14.000

Type  : Slow 1200mV 85C Model Minimum Pulse Width 'APB_UART:APB_UART_BLOCK|rx_fsm:RX_FSM_BLOCK|present_state.DATA_IS_5'
Slack : 0.374
TNS   : 0.000

Type  : Slow 1200mV 85C Model Minimum Pulse Width 'AHB_SLAVE:AHB_APB_BRIDGE|FSM_AHB:State_machine|HwriteReg'
Slack : 0.413
TNS   : 0.000

Type  : Slow 1200mV 85C Model Minimum Pulse Width 'APB_UART:APB_UART_BLOCK|uart_start_bit_detect:UART_START_BIT_DETECT_BLOCK|done_flag'
Slack : 0.418
TNS   : 0.000

Type  : Slow 1200mV 85C Model Minimum Pulse Width 'APB_UART:APB_UART_BLOCK|custom_fsm_wr_rd:CUSTOM_FSM_WR_RD_BLOCK|present_state.INIT'
Slack : 0.462
TNS   : 0.000

Type  : Slow 1200mV 0C Model Setup 'HCLK'
Slack : -5.436
TNS   : -1664.682

Type  : Slow 1200mV 0C Model Setup 'APB_UART:APB_UART_BLOCK|apb_interface:APB_INTERFACE_BLOCK|baud_rate_divisor:BAUD_RATE_DIVISOR_BLOCK|clk_out'
Slack : -3.589
TNS   : -47.728

Type  : Slow 1200mV 0C Model Setup 'UARTCLK'
Slack : -3.133
TNS   : -558.656

Type  : Slow 1200mV 0C Model Setup 'APB_UART:APB_UART_BLOCK|custom_fsm_wr_rd:CUSTOM_FSM_WR_RD_BLOCK|present_state.INIT'
Slack : -2.951
TNS   : -16.160

Type  : Slow 1200mV 0C Model Setup 'APB_UART:APB_UART_BLOCK|rx_fsm:RX_FSM_BLOCK|present_state.DATA_IS_5'
Slack : -2.432
TNS   : -24.722

Type  : Slow 1200mV 0C Model Setup 'APB_UART:APB_UART_BLOCK|uart_start_bit_detect:UART_START_BIT_DETECT_BLOCK|done_flag'
Slack : -1.257
TNS   : -3.829

Type  : Slow 1200mV 0C Model Setup 'AHB_SLAVE:AHB_APB_BRIDGE|FSM_AHB:State_machine|HwriteReg'
Slack : -0.537
TNS   : -4.246

Type  : Slow 1200mV 0C Model Setup 'stop_bit_twice'
Slack : 0.154
TNS   : 0.000

Type  : Slow 1200mV 0C Model Hold 'UARTCLK'
Slack : -3.273
TNS   : -25.470

Type  : Slow 1200mV 0C Model Hold 'stop_bit_twice'
Slack : -0.697
TNS   : -4.255

Type  : Slow 1200mV 0C Model Hold 'APB_UART:APB_UART_BLOCK|uart_start_bit_detect:UART_START_BIT_DETECT_BLOCK|done_flag'
Slack : -0.182
TNS   : -0.576

Type  : Slow 1200mV 0C Model Hold 'HCLK'
Slack : -0.161
TNS   : -0.438

Type  : Slow 1200mV 0C Model Hold 'APB_UART:APB_UART_BLOCK|apb_interface:APB_INTERFACE_BLOCK|baud_rate_divisor:BAUD_RATE_DIVISOR_BLOCK|clk_out'
Slack : 0.333
TNS   : 0.000

Type  : Slow 1200mV 0C Model Hold 'AHB_SLAVE:AHB_APB_BRIDGE|FSM_AHB:State_machine|HwriteReg'
Slack : 0.540
TNS   : 0.000

Type  : Slow 1200mV 0C Model Hold 'APB_UART:APB_UART_BLOCK|rx_fsm:RX_FSM_BLOCK|present_state.DATA_IS_5'
Slack : 0.732
TNS   : 0.000

Type  : Slow 1200mV 0C Model Hold 'APB_UART:APB_UART_BLOCK|custom_fsm_wr_rd:CUSTOM_FSM_WR_RD_BLOCK|present_state.INIT'
Slack : 1.662
TNS   : 0.000

Type  : Slow 1200mV 0C Model Minimum Pulse Width 'HCLK'
Slack : -3.000
TNS   : -575.000

Type  : Slow 1200mV 0C Model Minimum Pulse Width 'UARTCLK'
Slack : -3.000
TNS   : -338.000

Type  : Slow 1200mV 0C Model Minimum Pulse Width 'stop_bit_twice'
Slack : -3.000
TNS   : -3.000

Type  : Slow 1200mV 0C Model Minimum Pulse Width 'APB_UART:APB_UART_BLOCK|apb_interface:APB_INTERFACE_BLOCK|baud_rate_divisor:BAUD_RATE_DIVISOR_BLOCK|clk_out'
Slack : -1.000
TNS   : -14.000

Type  : Slow 1200mV 0C Model Minimum Pulse Width 'APB_UART:APB_UART_BLOCK|rx_fsm:RX_FSM_BLOCK|present_state.DATA_IS_5'
Slack : 0.366
TNS   : 0.000

Type  : Slow 1200mV 0C Model Minimum Pulse Width 'APB_UART:APB_UART_BLOCK|uart_start_bit_detect:UART_START_BIT_DETECT_BLOCK|done_flag'
Slack : 0.433
TNS   : 0.000

Type  : Slow 1200mV 0C Model Minimum Pulse Width 'APB_UART:APB_UART_BLOCK|custom_fsm_wr_rd:CUSTOM_FSM_WR_RD_BLOCK|present_state.INIT'
Slack : 0.441
TNS   : 0.000

Type  : Slow 1200mV 0C Model Minimum Pulse Width 'AHB_SLAVE:AHB_APB_BRIDGE|FSM_AHB:State_machine|HwriteReg'
Slack : 0.453
TNS   : 0.000

Type  : Fast 1200mV 0C Model Setup 'HCLK'
Slack : -3.041
TNS   : -851.727

Type  : Fast 1200mV 0C Model Setup 'APB_UART:APB_UART_BLOCK|apb_interface:APB_INTERFACE_BLOCK|baud_rate_divisor:BAUD_RATE_DIVISOR_BLOCK|clk_out'
Slack : -1.878
TNS   : -24.883

Type  : Fast 1200mV 0C Model Setup 'UARTCLK'
Slack : -1.673
TNS   : -231.794

Type  : Fast 1200mV 0C Model Setup 'APB_UART:APB_UART_BLOCK|custom_fsm_wr_rd:CUSTOM_FSM_WR_RD_BLOCK|present_state.INIT'
Slack : -1.628
TNS   : -8.763

Type  : Fast 1200mV 0C Model Setup 'APB_UART:APB_UART_BLOCK|rx_fsm:RX_FSM_BLOCK|present_state.DATA_IS_5'
Slack : -1.174
TNS   : -11.693

Type  : Fast 1200mV 0C Model Setup 'APB_UART:APB_UART_BLOCK|uart_start_bit_detect:UART_START_BIT_DETECT_BLOCK|done_flag'
Slack : -0.552
TNS   : -0.552

Type  : Fast 1200mV 0C Model Setup 'AHB_SLAVE:AHB_APB_BRIDGE|FSM_AHB:State_machine|HwriteReg'
Slack : -0.067
TNS   : -0.501

Type  : Fast 1200mV 0C Model Setup 'stop_bit_twice'
Slack : 0.227
TNS   : 0.000

Type  : Fast 1200mV 0C Model Hold 'UARTCLK'
Slack : -2.093
TNS   : -15.747

Type  : Fast 1200mV 0C Model Hold 'HCLK'
Slack : -0.277
TNS   : -1.690

Type  : Fast 1200mV 0C Model Hold 'stop_bit_twice'
Slack : -0.256
TNS   : -1.247

Type  : Fast 1200mV 0C Model Hold 'APB_UART:APB_UART_BLOCK|uart_start_bit_detect:UART_START_BIT_DETECT_BLOCK|done_flag'
Slack : -0.085
TNS   : -0.230

Type  : Fast 1200mV 0C Model Hold 'APB_UART:APB_UART_BLOCK|apb_interface:APB_INTERFACE_BLOCK|baud_rate_divisor:BAUD_RATE_DIVISOR_BLOCK|clk_out'
Slack : 0.201
TNS   : 0.000

Type  : Fast 1200mV 0C Model Hold 'AHB_SLAVE:AHB_APB_BRIDGE|FSM_AHB:State_machine|HwriteReg'
Slack : 0.404
TNS   : 0.000

Type  : Fast 1200mV 0C Model Hold 'APB_UART:APB_UART_BLOCK|rx_fsm:RX_FSM_BLOCK|present_state.DATA_IS_5'
Slack : 0.662
TNS   : 0.000

Type  : Fast 1200mV 0C Model Hold 'APB_UART:APB_UART_BLOCK|custom_fsm_wr_rd:CUSTOM_FSM_WR_RD_BLOCK|present_state.INIT'
Slack : 1.155
TNS   : 0.000

Type  : Fast 1200mV 0C Model Minimum Pulse Width 'HCLK'
Slack : -3.000
TNS   : -584.522

Type  : Fast 1200mV 0C Model Minimum Pulse Width 'UARTCLK'
Slack : -3.000
TNS   : -430.038

Type  : Fast 1200mV 0C Model Minimum Pulse Width 'stop_bit_twice'
Slack : -3.000
TNS   : -3.000

Type  : Fast 1200mV 0C Model Minimum Pulse Width 'APB_UART:APB_UART_BLOCK|apb_interface:APB_INTERFACE_BLOCK|baud_rate_divisor:BAUD_RATE_DIVISOR_BLOCK|clk_out'
Slack : -1.000
TNS   : -14.000

Type  : Fast 1200mV 0C Model Minimum Pulse Width 'APB_UART:APB_UART_BLOCK|rx_fsm:RX_FSM_BLOCK|present_state.DATA_IS_5'
Slack : 0.324
TNS   : 0.000

Type  : Fast 1200mV 0C Model Minimum Pulse Width 'APB_UART:APB_UART_BLOCK|uart_start_bit_detect:UART_START_BIT_DETECT_BLOCK|done_flag'
Slack : 0.359
TNS   : 0.000

Type  : Fast 1200mV 0C Model Minimum Pulse Width 'AHB_SLAVE:AHB_APB_BRIDGE|FSM_AHB:State_machine|HwriteReg'
Slack : 0.393
TNS   : 0.000

Type  : Fast 1200mV 0C Model Minimum Pulse Width 'APB_UART:APB_UART_BLOCK|custom_fsm_wr_rd:CUSTOM_FSM_WR_RD_BLOCK|present_state.INIT'
Slack : 0.466
TNS   : 0.000

------------------------------------------------------------
