------------------------------------------------------------
Timing Analyzer Summary
------------------------------------------------------------

Type  : Slow 1100mV 85C Model Setup 'CLOCK_50'
Slack : -10.084
TNS   : -20073.929

Type  : Slow 1100mV 85C Model Setup 'Thesis_Project:THESIS_PROJECT_BLOCK|pipeline_riscv_mod2:PIPELINE_RISCV_MOD2|execute_cycle:EX_instance|MEM_mem_en[0]'
Slack : -9.683
TNS   : -286.457

Type  : Slow 1100mV 85C Model Setup 'Thesis_Project:THESIS_PROJECT_BLOCK|AHB_APB_UART:AHB_APB_UART_BLOCK|APB_UART:APB_UART_BLOCK|uart_start_bit_detect:UART_START_BIT_DETECT_BLOCK|done_flag'
Slack : -6.661
TNS   : -29.362

Type  : Slow 1100mV 85C Model Setup 'Thesis_Project:THESIS_PROJECT_BLOCK|AHB_APB_UART:AHB_APB_UART_BLOCK|APB_UART:APB_UART_BLOCK|custom_fsm_wr_rd:CUSTOM_FSM_WR_RD_BLOCK|present_state.INIT'
Slack : -6.653
TNS   : -29.600

Type  : Slow 1100mV 85C Model Setup 'Thesis_Project:THESIS_PROJECT_BLOCK|AHB_APB_UART:AHB_APB_UART_BLOCK|APB_UART:APB_UART_BLOCK|BAUD_RATE_GENERATOR:BAUD_RATE_GENERATOR_BLOCK|clk_sel'
Slack : -5.295
TNS   : -1122.187

Type  : Slow 1100mV 85C Model Setup 'Thesis_Project:THESIS_PROJECT_BLOCK|pipeline_riscv_mod2:PIPELINE_RISCV_MOD2|fetch_cycle:IF_instance|D_FF_32bit:PC_inst|Q[0]'
Slack : -5.285
TNS   : -141.749

Type  : Slow 1100mV 85C Model Setup 'Thesis_Project:THESIS_PROJECT_BLOCK|AHB_APB_UART:AHB_APB_UART_BLOCK|AHB_SLAVE:AHB_APB_BRIDGE|D_FF_1bit_with_Sel:D_FF_PWRITE|Q'
Slack : -5.012
TNS   : -8.918

Type  : Slow 1100mV 85C Model Setup 'Thesis_Project:THESIS_PROJECT_BLOCK|AHB_APB_UART:AHB_APB_UART_BLOCK|AHB_SLAVE:AHB_APB_BRIDGE|FSM_AHB:State_machine|HwriteReg'
Slack : -4.610
TNS   : -33.708

Type  : Slow 1100mV 85C Model Setup 'KEY[0]'
Slack : -3.672
TNS   : -7.281

Type  : Slow 1100mV 85C Model Setup 'Thesis_Project:THESIS_PROJECT_BLOCK|AHB_APB_UART:AHB_APB_UART_BLOCK|APB_UART:APB_UART_BLOCK|apb_interface:APB_INTERFACE_BLOCK|baud_rate_divisor:BAUD_RATE_DIVISOR_BLOCK|clk_out'
Slack : -3.391
TNS   : -124.329

Type  : Slow 1100mV 85C Model Setup 'Thesis_Project:THESIS_PROJECT_BLOCK|AHB_APB_UART:AHB_APB_UART_BLOCK|APB_UART:APB_UART_BLOCK|rx_fsm:RX_FSM_BLOCK|present_state.DATA_IS_6'
Slack : -2.927
TNS   : -34.418

Type  : Slow 1100mV 85C Model Setup 'Thesis_Project:THESIS_PROJECT_BLOCK|AHB_APB_UART:AHB_APB_UART_BLOCK|APB_UART:APB_UART_BLOCK|rx_fsm:RX_FSM_BLOCK|present_state.IDLE'
Slack : -1.668
TNS   : -1.668

Type  : Slow 1100mV 85C Model Hold 'CLOCK_50'
Slack : -2.795
TNS   : -74.746

Type  : Slow 1100mV 85C Model Hold 'Thesis_Project:THESIS_PROJECT_BLOCK|AHB_APB_UART:AHB_APB_UART_BLOCK|APB_UART:APB_UART_BLOCK|BAUD_RATE_GENERATOR:BAUD_RATE_GENERATOR_BLOCK|clk_sel'
Slack : -0.287
TNS   : -0.287

Type  : Slow 1100mV 85C Model Hold 'Thesis_Project:THESIS_PROJECT_BLOCK|AHB_APB_UART:AHB_APB_UART_BLOCK|APB_UART:APB_UART_BLOCK|rx_fsm:RX_FSM_BLOCK|present_state.DATA_IS_6'
Slack : 0.096
TNS   : 0.000

Type  : Slow 1100mV 85C Model Hold 'Thesis_Project:THESIS_PROJECT_BLOCK|AHB_APB_UART:AHB_APB_UART_BLOCK|APB_UART:APB_UART_BLOCK|apb_interface:APB_INTERFACE_BLOCK|baud_rate_divisor:BAUD_RATE_DIVISOR_BLOCK|clk_out'
Slack : 0.436
TNS   : 0.000

Type  : Slow 1100mV 85C Model Hold 'Thesis_Project:THESIS_PROJECT_BLOCK|AHB_APB_UART:AHB_APB_UART_BLOCK|APB_UART:APB_UART_BLOCK|uart_start_bit_detect:UART_START_BIT_DETECT_BLOCK|done_flag'
Slack : 0.635
TNS   : 0.000

Type  : Slow 1100mV 85C Model Hold 'Thesis_Project:THESIS_PROJECT_BLOCK|AHB_APB_UART:AHB_APB_UART_BLOCK|APB_UART:APB_UART_BLOCK|custom_fsm_wr_rd:CUSTOM_FSM_WR_RD_BLOCK|present_state.INIT'
Slack : 0.755
TNS   : 0.000

Type  : Slow 1100mV 85C Model Hold 'Thesis_Project:THESIS_PROJECT_BLOCK|AHB_APB_UART:AHB_APB_UART_BLOCK|APB_UART:APB_UART_BLOCK|rx_fsm:RX_FSM_BLOCK|present_state.IDLE'
Slack : 0.755
TNS   : 0.000

Type  : Slow 1100mV 85C Model Hold 'KEY[0]'
Slack : 1.198
TNS   : 0.000

Type  : Slow 1100mV 85C Model Hold 'Thesis_Project:THESIS_PROJECT_BLOCK|pipeline_riscv_mod2:PIPELINE_RISCV_MOD2|fetch_cycle:IF_instance|D_FF_32bit:PC_inst|Q[0]'
Slack : 2.352
TNS   : 0.000

Type  : Slow 1100mV 85C Model Hold 'Thesis_Project:THESIS_PROJECT_BLOCK|AHB_APB_UART:AHB_APB_UART_BLOCK|AHB_SLAVE:AHB_APB_BRIDGE|D_FF_1bit_with_Sel:D_FF_PWRITE|Q'
Slack : 2.502
TNS   : 0.000

Type  : Slow 1100mV 85C Model Hold 'Thesis_Project:THESIS_PROJECT_BLOCK|AHB_APB_UART:AHB_APB_UART_BLOCK|AHB_SLAVE:AHB_APB_BRIDGE|FSM_AHB:State_machine|HwriteReg'
Slack : 2.585
TNS   : 0.000

Type  : Slow 1100mV 85C Model Hold 'Thesis_Project:THESIS_PROJECT_BLOCK|pipeline_riscv_mod2:PIPELINE_RISCV_MOD2|execute_cycle:EX_instance|MEM_mem_en[0]'
Slack : 3.034
TNS   : 0.000

Type  : Slow 1100mV 85C Model Recovery 'Thesis_Project:THESIS_PROJECT_BLOCK|AHB_APB_UART:AHB_APB_UART_BLOCK|APB_UART:APB_UART_BLOCK|BAUD_RATE_GENERATOR:BAUD_RATE_GENERATOR_BLOCK|clk_sel'
Slack : -7.211
TNS   : -2450.061

Type  : Slow 1100mV 85C Model Recovery 'Thesis_Project:THESIS_PROJECT_BLOCK|AHB_APB_UART:AHB_APB_UART_BLOCK|APB_UART:APB_UART_BLOCK|apb_interface:APB_INTERFACE_BLOCK|baud_rate_divisor:BAUD_RATE_DIVISOR_BLOCK|clk_out'
Slack : -7.046
TNS   : -318.495

Type  : Slow 1100mV 85C Model Recovery 'CLOCK_50'
Slack : -5.785
TNS   : -15830.090

Type  : Slow 1100mV 85C Model Recovery 'Thesis_Project:THESIS_PROJECT_BLOCK|pipeline_riscv_mod2:PIPELINE_RISCV_MOD2|fetch_cycle:IF_instance|D_FF_32bit:PC_inst|Q[0]'
Slack : -3.171
TNS   : -84.697

Type  : Slow 1100mV 85C Model Removal 'CLOCK_50'
Slack : 0.824
TNS   : 0.000

Type  : Slow 1100mV 85C Model Removal 'Thesis_Project:THESIS_PROJECT_BLOCK|pipeline_riscv_mod2:PIPELINE_RISCV_MOD2|fetch_cycle:IF_instance|D_FF_32bit:PC_inst|Q[0]'
Slack : 0.834
TNS   : 0.000

Type  : Slow 1100mV 85C Model Removal 'Thesis_Project:THESIS_PROJECT_BLOCK|AHB_APB_UART:AHB_APB_UART_BLOCK|APB_UART:APB_UART_BLOCK|apb_interface:APB_INTERFACE_BLOCK|baud_rate_divisor:BAUD_RATE_DIVISOR_BLOCK|clk_out'
Slack : 2.018
TNS   : 0.000

Type  : Slow 1100mV 85C Model Removal 'Thesis_Project:THESIS_PROJECT_BLOCK|AHB_APB_UART:AHB_APB_UART_BLOCK|APB_UART:APB_UART_BLOCK|BAUD_RATE_GENERATOR:BAUD_RATE_GENERATOR_BLOCK|clk_sel'
Slack : 3.567
TNS   : 0.000

Type  : Slow 1100mV 85C Model Minimum Pulse Width 'Thesis_Project:THESIS_PROJECT_BLOCK|AHB_APB_UART:AHB_APB_UART_BLOCK|APB_UART:APB_UART_BLOCK|BAUD_RATE_GENERATOR:BAUD_RATE_GENERATOR_BLOCK|clk_sel'
Slack : -0.416
TNS   : -250.522

Type  : Slow 1100mV 85C Model Minimum Pulse Width 'CLOCK_50'
Slack : -0.394
TNS   : -1817.333

Type  : Slow 1100mV 85C Model Minimum Pulse Width 'Thesis_Project:THESIS_PROJECT_BLOCK|AHB_APB_UART:AHB_APB_UART_BLOCK|APB_UART:APB_UART_BLOCK|apb_interface:APB_INTERFACE_BLOCK|baud_rate_divisor:BAUD_RATE_DIVISOR_BLOCK|clk_out'
Slack : -0.394
TNS   : -26.976

Type  : Slow 1100mV 85C Model Minimum Pulse Width 'Thesis_Project:THESIS_PROJECT_BLOCK|pipeline_riscv_mod2:PIPELINE_RISCV_MOD2|fetch_cycle:IF_instance|D_FF_32bit:PC_inst|Q[0]'
Slack : 0.075
TNS   : 0.000

Type  : Slow 1100mV 85C Model Minimum Pulse Width 'Thesis_Project:THESIS_PROJECT_BLOCK|AHB_APB_UART:AHB_APB_UART_BLOCK|APB_UART:APB_UART_BLOCK|uart_start_bit_detect:UART_START_BIT_DETECT_BLOCK|done_flag'
Slack : 0.202
TNS   : 0.000

Type  : Slow 1100mV 85C Model Minimum Pulse Width 'Thesis_Project:THESIS_PROJECT_BLOCK|pipeline_riscv_mod2:PIPELINE_RISCV_MOD2|execute_cycle:EX_instance|MEM_mem_en[0]'
Slack : 0.215
TNS   : 0.000

Type  : Slow 1100mV 85C Model Minimum Pulse Width 'Thesis_Project:THESIS_PROJECT_BLOCK|AHB_APB_UART:AHB_APB_UART_BLOCK|AHB_SLAVE:AHB_APB_BRIDGE|FSM_AHB:State_machine|HwriteReg'
Slack : 0.306
TNS   : 0.000

Type  : Slow 1100mV 85C Model Minimum Pulse Width 'KEY[0]'
Slack : 0.308
TNS   : 0.000

Type  : Slow 1100mV 85C Model Minimum Pulse Width 'Thesis_Project:THESIS_PROJECT_BLOCK|AHB_APB_UART:AHB_APB_UART_BLOCK|APB_UART:APB_UART_BLOCK|rx_fsm:RX_FSM_BLOCK|present_state.DATA_IS_6'
Slack : 0.329
TNS   : 0.000

Type  : Slow 1100mV 85C Model Minimum Pulse Width 'Thesis_Project:THESIS_PROJECT_BLOCK|AHB_APB_UART:AHB_APB_UART_BLOCK|AHB_SLAVE:AHB_APB_BRIDGE|D_FF_1bit_with_Sel:D_FF_PWRITE|Q'
Slack : 0.365
TNS   : 0.000

Type  : Slow 1100mV 85C Model Minimum Pulse Width 'Thesis_Project:THESIS_PROJECT_BLOCK|AHB_APB_UART:AHB_APB_UART_BLOCK|APB_UART:APB_UART_BLOCK|custom_fsm_wr_rd:CUSTOM_FSM_WR_RD_BLOCK|present_state.INIT'
Slack : 0.417
TNS   : 0.000

Type  : Slow 1100mV 85C Model Minimum Pulse Width 'Thesis_Project:THESIS_PROJECT_BLOCK|AHB_APB_UART:AHB_APB_UART_BLOCK|APB_UART:APB_UART_BLOCK|rx_fsm:RX_FSM_BLOCK|present_state.IDLE'
Slack : 0.431
TNS   : 0.000

Type  : Slow 1100mV 0C Model Setup 'CLOCK_50'
Slack : -9.776
TNS   : -19340.099

Type  : Slow 1100mV 0C Model Setup 'Thesis_Project:THESIS_PROJECT_BLOCK|pipeline_riscv_mod2:PIPELINE_RISCV_MOD2|execute_cycle:EX_instance|MEM_mem_en[0]'
Slack : -9.680
TNS   : -285.831

Type  : Slow 1100mV 0C Model Setup 'Thesis_Project:THESIS_PROJECT_BLOCK|AHB_APB_UART:AHB_APB_UART_BLOCK|APB_UART:APB_UART_BLOCK|custom_fsm_wr_rd:CUSTOM_FSM_WR_RD_BLOCK|present_state.INIT'
Slack : -6.700
TNS   : -30.238

Type  : Slow 1100mV 0C Model Setup 'Thesis_Project:THESIS_PROJECT_BLOCK|AHB_APB_UART:AHB_APB_UART_BLOCK|APB_UART:APB_UART_BLOCK|uart_start_bit_detect:UART_START_BIT_DETECT_BLOCK|done_flag'
Slack : -6.384
TNS   : -28.459

Type  : Slow 1100mV 0C Model Setup 'Thesis_Project:THESIS_PROJECT_BLOCK|pipeline_riscv_mod2:PIPELINE_RISCV_MOD2|fetch_cycle:IF_instance|D_FF_32bit:PC_inst|Q[0]'
Slack : -5.341
TNS   : -143.133

Type  : Slow 1100mV 0C Model Setup 'Thesis_Project:THESIS_PROJECT_BLOCK|AHB_APB_UART:AHB_APB_UART_BLOCK|APB_UART:APB_UART_BLOCK|BAUD_RATE_GENERATOR:BAUD_RATE_GENERATOR_BLOCK|clk_sel'
Slack : -5.182
TNS   : -1140.805

Type  : Slow 1100mV 0C Model Setup 'Thesis_Project:THESIS_PROJECT_BLOCK|AHB_APB_UART:AHB_APB_UART_BLOCK|AHB_SLAVE:AHB_APB_BRIDGE|D_FF_1bit_with_Sel:D_FF_PWRITE|Q'
Slack : -5.072
TNS   : -9.004

Type  : Slow 1100mV 0C Model Setup 'Thesis_Project:THESIS_PROJECT_BLOCK|AHB_APB_UART:AHB_APB_UART_BLOCK|AHB_SLAVE:AHB_APB_BRIDGE|FSM_AHB:State_machine|HwriteReg'
Slack : -4.702
TNS   : -34.467

Type  : Slow 1100mV 0C Model Setup 'KEY[0]'
Slack : -3.487
TNS   : -6.880

Type  : Slow 1100mV 0C Model Setup 'Thesis_Project:THESIS_PROJECT_BLOCK|AHB_APB_UART:AHB_APB_UART_BLOCK|APB_UART:APB_UART_BLOCK|apb_interface:APB_INTERFACE_BLOCK|baud_rate_divisor:BAUD_RATE_DIVISOR_BLOCK|clk_out'
Slack : -3.363
TNS   : -122.508

Type  : Slow 1100mV 0C Model Setup 'Thesis_Project:THESIS_PROJECT_BLOCK|AHB_APB_UART:AHB_APB_UART_BLOCK|APB_UART:APB_UART_BLOCK|rx_fsm:RX_FSM_BLOCK|present_state.DATA_IS_6'
Slack : -2.877
TNS   : -33.343

Type  : Slow 1100mV 0C Model Setup 'Thesis_Project:THESIS_PROJECT_BLOCK|AHB_APB_UART:AHB_APB_UART_BLOCK|APB_UART:APB_UART_BLOCK|rx_fsm:RX_FSM_BLOCK|present_state.IDLE'
Slack : -1.585
TNS   : -1.585

Type  : Slow 1100mV 0C Model Hold 'CLOCK_50'
Slack : -2.835
TNS   : -77.509

Type  : Slow 1100mV 0C Model Hold 'Thesis_Project:THESIS_PROJECT_BLOCK|AHB_APB_UART:AHB_APB_UART_BLOCK|APB_UART:APB_UART_BLOCK|BAUD_RATE_GENERATOR:BAUD_RATE_GENERATOR_BLOCK|clk_sel'
Slack : -0.174
TNS   : -0.174

Type  : Slow 1100mV 0C Model Hold 'Thesis_Project:THESIS_PROJECT_BLOCK|AHB_APB_UART:AHB_APB_UART_BLOCK|APB_UART:APB_UART_BLOCK|rx_fsm:RX_FSM_BLOCK|present_state.DATA_IS_6'
Slack : 0.036
TNS   : 0.000

Type  : Slow 1100mV 0C Model Hold 'Thesis_Project:THESIS_PROJECT_BLOCK|AHB_APB_UART:AHB_APB_UART_BLOCK|APB_UART:APB_UART_BLOCK|apb_interface:APB_INTERFACE_BLOCK|baud_rate_divisor:BAUD_RATE_DIVISOR_BLOCK|clk_out'
Slack : 0.451
TNS   : 0.000

Type  : Slow 1100mV 0C Model Hold 'Thesis_Project:THESIS_PROJECT_BLOCK|AHB_APB_UART:AHB_APB_UART_BLOCK|APB_UART:APB_UART_BLOCK|uart_start_bit_detect:UART_START_BIT_DETECT_BLOCK|done_flag'
Slack : 0.535
TNS   : 0.000

Type  : Slow 1100mV 0C Model Hold 'Thesis_Project:THESIS_PROJECT_BLOCK|AHB_APB_UART:AHB_APB_UART_BLOCK|APB_UART:APB_UART_BLOCK|rx_fsm:RX_FSM_BLOCK|present_state.IDLE'
Slack : 0.674
TNS   : 0.000

Type  : Slow 1100mV 0C Model Hold 'Thesis_Project:THESIS_PROJECT_BLOCK|AHB_APB_UART:AHB_APB_UART_BLOCK|APB_UART:APB_UART_BLOCK|custom_fsm_wr_rd:CUSTOM_FSM_WR_RD_BLOCK|present_state.INIT'
Slack : 0.813
TNS   : 0.000

Type  : Slow 1100mV 0C Model Hold 'KEY[0]'
Slack : 0.896
TNS   : 0.000

Type  : Slow 1100mV 0C Model Hold 'Thesis_Project:THESIS_PROJECT_BLOCK|pipeline_riscv_mod2:PIPELINE_RISCV_MOD2|fetch_cycle:IF_instance|D_FF_32bit:PC_inst|Q[0]'
Slack : 2.375
TNS   : 0.000

Type  : Slow 1100mV 0C Model Hold 'Thesis_Project:THESIS_PROJECT_BLOCK|AHB_APB_UART:AHB_APB_UART_BLOCK|AHB_SLAVE:AHB_APB_BRIDGE|D_FF_1bit_with_Sel:D_FF_PWRITE|Q'
Slack : 2.548
TNS   : 0.000

Type  : Slow 1100mV 0C Model Hold 'Thesis_Project:THESIS_PROJECT_BLOCK|AHB_APB_UART:AHB_APB_UART_BLOCK|AHB_SLAVE:AHB_APB_BRIDGE|FSM_AHB:State_machine|HwriteReg'
Slack : 2.694
TNS   : 0.000

Type  : Slow 1100mV 0C Model Hold 'Thesis_Project:THESIS_PROJECT_BLOCK|pipeline_riscv_mod2:PIPELINE_RISCV_MOD2|execute_cycle:EX_instance|MEM_mem_en[0]'
Slack : 3.095
TNS   : 0.000

Type  : Slow 1100mV 0C Model Recovery 'Thesis_Project:THESIS_PROJECT_BLOCK|AHB_APB_UART:AHB_APB_UART_BLOCK|APB_UART:APB_UART_BLOCK|BAUD_RATE_GENERATOR:BAUD_RATE_GENERATOR_BLOCK|clk_sel'
Slack : -7.126
TNS   : -2425.162

Type  : Slow 1100mV 0C Model Recovery 'Thesis_Project:THESIS_PROJECT_BLOCK|AHB_APB_UART:AHB_APB_UART_BLOCK|APB_UART:APB_UART_BLOCK|apb_interface:APB_INTERFACE_BLOCK|baud_rate_divisor:BAUD_RATE_DIVISOR_BLOCK|clk_out'
Slack : -6.967
TNS   : -315.195

Type  : Slow 1100mV 0C Model Recovery 'CLOCK_50'
Slack : -5.597
TNS   : -15064.067

Type  : Slow 1100mV 0C Model Recovery 'Thesis_Project:THESIS_PROJECT_BLOCK|pipeline_riscv_mod2:PIPELINE_RISCV_MOD2|fetch_cycle:IF_instance|D_FF_32bit:PC_inst|Q[0]'
Slack : -3.148
TNS   : -83.705

Type  : Slow 1100mV 0C Model Removal 'CLOCK_50'
Slack : 0.605
TNS   : 0.000

Type  : Slow 1100mV 0C Model Removal 'Thesis_Project:THESIS_PROJECT_BLOCK|pipeline_riscv_mod2:PIPELINE_RISCV_MOD2|fetch_cycle:IF_instance|D_FF_32bit:PC_inst|Q[0]'
Slack : 0.701
TNS   : 0.000

Type  : Slow 1100mV 0C Model Removal 'Thesis_Project:THESIS_PROJECT_BLOCK|AHB_APB_UART:AHB_APB_UART_BLOCK|APB_UART:APB_UART_BLOCK|apb_interface:APB_INTERFACE_BLOCK|baud_rate_divisor:BAUD_RATE_DIVISOR_BLOCK|clk_out'
Slack : 1.960
TNS   : 0.000

Type  : Slow 1100mV 0C Model Removal 'Thesis_Project:THESIS_PROJECT_BLOCK|AHB_APB_UART:AHB_APB_UART_BLOCK|APB_UART:APB_UART_BLOCK|BAUD_RATE_GENERATOR:BAUD_RATE_GENERATOR_BLOCK|clk_sel'
Slack : 3.608
TNS   : 0.000

Type  : Slow 1100mV 0C Model Minimum Pulse Width 'CLOCK_50'
Slack : -0.403
TNS   : -1973.855

Type  : Slow 1100mV 0C Model Minimum Pulse Width 'Thesis_Project:THESIS_PROJECT_BLOCK|AHB_APB_UART:AHB_APB_UART_BLOCK|APB_UART:APB_UART_BLOCK|BAUD_RATE_GENERATOR:BAUD_RATE_GENERATOR_BLOCK|clk_sel'
Slack : -0.394
TNS   : -241.566

Type  : Slow 1100mV 0C Model Minimum Pulse Width 'Thesis_Project:THESIS_PROJECT_BLOCK|AHB_APB_UART:AHB_APB_UART_BLOCK|APB_UART:APB_UART_BLOCK|apb_interface:APB_INTERFACE_BLOCK|baud_rate_divisor:BAUD_RATE_DIVISOR_BLOCK|clk_out'
Slack : -0.394
TNS   : -26.427

Type  : Slow 1100mV 0C Model Minimum Pulse Width 'Thesis_Project:THESIS_PROJECT_BLOCK|pipeline_riscv_mod2:PIPELINE_RISCV_MOD2|fetch_cycle:IF_instance|D_FF_32bit:PC_inst|Q[0]'
Slack : 0.100
TNS   : 0.000

Type  : Slow 1100mV 0C Model Minimum Pulse Width 'Thesis_Project:THESIS_PROJECT_BLOCK|pipeline_riscv_mod2:PIPELINE_RISCV_MOD2|execute_cycle:EX_instance|MEM_mem_en[0]'
Slack : 0.213
TNS   : 0.000

Type  : Slow 1100mV 0C Model Minimum Pulse Width 'Thesis_Project:THESIS_PROJECT_BLOCK|AHB_APB_UART:AHB_APB_UART_BLOCK|APB_UART:APB_UART_BLOCK|uart_start_bit_detect:UART_START_BIT_DETECT_BLOCK|done_flag'
Slack : 0.243
TNS   : 0.000

Type  : Slow 1100mV 0C Model Minimum Pulse Width 'KEY[0]'
Slack : 0.281
TNS   : 0.000

Type  : Slow 1100mV 0C Model Minimum Pulse Width 'Thesis_Project:THESIS_PROJECT_BLOCK|AHB_APB_UART:AHB_APB_UART_BLOCK|AHB_SLAVE:AHB_APB_BRIDGE|FSM_AHB:State_machine|HwriteReg'
Slack : 0.321
TNS   : 0.000

Type  : Slow 1100mV 0C Model Minimum Pulse Width 'Thesis_Project:THESIS_PROJECT_BLOCK|AHB_APB_UART:AHB_APB_UART_BLOCK|APB_UART:APB_UART_BLOCK|rx_fsm:RX_FSM_BLOCK|present_state.DATA_IS_6'
Slack : 0.323
TNS   : 0.000

Type  : Slow 1100mV 0C Model Minimum Pulse Width 'Thesis_Project:THESIS_PROJECT_BLOCK|AHB_APB_UART:AHB_APB_UART_BLOCK|AHB_SLAVE:AHB_APB_BRIDGE|D_FF_1bit_with_Sel:D_FF_PWRITE|Q'
Slack : 0.339
TNS   : 0.000

Type  : Slow 1100mV 0C Model Minimum Pulse Width 'Thesis_Project:THESIS_PROJECT_BLOCK|AHB_APB_UART:AHB_APB_UART_BLOCK|APB_UART:APB_UART_BLOCK|rx_fsm:RX_FSM_BLOCK|present_state.IDLE'
Slack : 0.404
TNS   : 0.000

Type  : Slow 1100mV 0C Model Minimum Pulse Width 'Thesis_Project:THESIS_PROJECT_BLOCK|AHB_APB_UART:AHB_APB_UART_BLOCK|APB_UART:APB_UART_BLOCK|custom_fsm_wr_rd:CUSTOM_FSM_WR_RD_BLOCK|present_state.INIT'
Slack : 0.448
TNS   : 0.000

Type  : Fast 1100mV 85C Model Setup 'CLOCK_50'
Slack : -6.195
TNS   : -11558.923

Type  : Fast 1100mV 85C Model Setup 'Thesis_Project:THESIS_PROJECT_BLOCK|pipeline_riscv_mod2:PIPELINE_RISCV_MOD2|execute_cycle:EX_instance|MEM_mem_en[0]'
Slack : -5.340
TNS   : -157.588

Type  : Fast 1100mV 85C Model Setup 'Thesis_Project:THESIS_PROJECT_BLOCK|AHB_APB_UART:AHB_APB_UART_BLOCK|APB_UART:APB_UART_BLOCK|uart_start_bit_detect:UART_START_BIT_DETECT_BLOCK|done_flag'
Slack : -4.348
TNS   : -15.624

Type  : Fast 1100mV 85C Model Setup 'Thesis_Project:THESIS_PROJECT_BLOCK|AHB_APB_UART:AHB_APB_UART_BLOCK|APB_UART:APB_UART_BLOCK|BAUD_RATE_GENERATOR:BAUD_RATE_GENERATOR_BLOCK|clk_sel'
Slack : -3.671
TNS   : -574.272

Type  : Fast 1100mV 85C Model Setup 'Thesis_Project:THESIS_PROJECT_BLOCK|AHB_APB_UART:AHB_APB_UART_BLOCK|APB_UART:APB_UART_BLOCK|custom_fsm_wr_rd:CUSTOM_FSM_WR_RD_BLOCK|present_state.INIT'
Slack : -3.537
TNS   : -15.149

Type  : Fast 1100mV 85C Model Setup 'Thesis_Project:THESIS_PROJECT_BLOCK|AHB_APB_UART:AHB_APB_UART_BLOCK|AHB_SLAVE:AHB_APB_BRIDGE|D_FF_1bit_with_Sel:D_FF_PWRITE|Q'
Slack : -2.622
TNS   : -4.412

Type  : Fast 1100mV 85C Model Setup 'Thesis_Project:THESIS_PROJECT_BLOCK|pipeline_riscv_mod2:PIPELINE_RISCV_MOD2|fetch_cycle:IF_instance|D_FF_32bit:PC_inst|Q[0]'
Slack : -2.533
TNS   : -66.233

Type  : Fast 1100mV 85C Model Setup 'KEY[0]'
Slack : -2.390
TNS   : -4.694

Type  : Fast 1100mV 85C Model Setup 'Thesis_Project:THESIS_PROJECT_BLOCK|AHB_APB_UART:AHB_APB_UART_BLOCK|AHB_SLAVE:AHB_APB_BRIDGE|FSM_AHB:State_machine|HwriteReg'
Slack : -2.315
TNS   : -16.686

Type  : Fast 1100mV 85C Model Setup 'Thesis_Project:THESIS_PROJECT_BLOCK|AHB_APB_UART:AHB_APB_UART_BLOCK|APB_UART:APB_UART_BLOCK|apb_interface:APB_INTERFACE_BLOCK|baud_rate_divisor:BAUD_RATE_DIVISOR_BLOCK|clk_out'
Slack : -1.760
TNS   : -57.180

Type  : Fast 1100mV 85C Model Setup 'Thesis_Project:THESIS_PROJECT_BLOCK|AHB_APB_UART:AHB_APB_UART_BLOCK|APB_UART:APB_UART_BLOCK|rx_fsm:RX_FSM_BLOCK|present_state.DATA_IS_6'
Slack : -1.742
TNS   : -18.530

Type  : Fast 1100mV 85C Model Setup 'Thesis_Project:THESIS_PROJECT_BLOCK|AHB_APB_UART:AHB_APB_UART_BLOCK|APB_UART:APB_UART_BLOCK|rx_fsm:RX_FSM_BLOCK|present_state.IDLE'
Slack : -0.624
TNS   : -0.624

Type  : Fast 1100mV 85C Model Hold 'CLOCK_50'
Slack : -1.654
TNS   : -43.477

Type  : Fast 1100mV 85C Model Hold 'Thesis_Project:THESIS_PROJECT_BLOCK|AHB_APB_UART:AHB_APB_UART_BLOCK|APB_UART:APB_UART_BLOCK|BAUD_RATE_GENERATOR:BAUD_RATE_GENERATOR_BLOCK|clk_sel'
Slack : -0.278
TNS   : -0.561

Type  : Fast 1100mV 85C Model Hold 'Thesis_Project:THESIS_PROJECT_BLOCK|AHB_APB_UART:AHB_APB_UART_BLOCK|APB_UART:APB_UART_BLOCK|rx_fsm:RX_FSM_BLOCK|present_state.DATA_IS_6'
Slack : 0.091
TNS   : 0.000

Type  : Fast 1100mV 85C Model Hold 'Thesis_Project:THESIS_PROJECT_BLOCK|AHB_APB_UART:AHB_APB_UART_BLOCK|APB_UART:APB_UART_BLOCK|apb_interface:APB_INTERFACE_BLOCK|baud_rate_divisor:BAUD_RATE_DIVISOR_BLOCK|clk_out'
Slack : 0.132
TNS   : 0.000

Type  : Fast 1100mV 85C Model Hold 'Thesis_Project:THESIS_PROJECT_BLOCK|AHB_APB_UART:AHB_APB_UART_BLOCK|APB_UART:APB_UART_BLOCK|rx_fsm:RX_FSM_BLOCK|present_state.IDLE'
Slack : 0.296
TNS   : 0.000

Type  : Fast 1100mV 85C Model Hold 'Thesis_Project:THESIS_PROJECT_BLOCK|AHB_APB_UART:AHB_APB_UART_BLOCK|APB_UART:APB_UART_BLOCK|uart_start_bit_detect:UART_START_BIT_DETECT_BLOCK|done_flag'
Slack : 0.372
TNS   : 0.000

Type  : Fast 1100mV 85C Model Hold 'Thesis_Project:THESIS_PROJECT_BLOCK|AHB_APB_UART:AHB_APB_UART_BLOCK|APB_UART:APB_UART_BLOCK|custom_fsm_wr_rd:CUSTOM_FSM_WR_RD_BLOCK|present_state.INIT'
Slack : 0.414
TNS   : 0.000

Type  : Fast 1100mV 85C Model Hold 'KEY[0]'
Slack : 0.733
TNS   : 0.000

Type  : Fast 1100mV 85C Model Hold 'Thesis_Project:THESIS_PROJECT_BLOCK|pipeline_riscv_mod2:PIPELINE_RISCV_MOD2|fetch_cycle:IF_instance|D_FF_32bit:PC_inst|Q[0]'
Slack : 1.218
TNS   : 0.000

Type  : Fast 1100mV 85C Model Hold 'Thesis_Project:THESIS_PROJECT_BLOCK|AHB_APB_UART:AHB_APB_UART_BLOCK|AHB_SLAVE:AHB_APB_BRIDGE|D_FF_1bit_with_Sel:D_FF_PWRITE|Q'
Slack : 1.260
TNS   : 0.000

Type  : Fast 1100mV 85C Model Hold 'Thesis_Project:THESIS_PROJECT_BLOCK|AHB_APB_UART:AHB_APB_UART_BLOCK|AHB_SLAVE:AHB_APB_BRIDGE|FSM_AHB:State_machine|HwriteReg'
Slack : 1.425
TNS   : 0.000

Type  : Fast 1100mV 85C Model Hold 'Thesis_Project:THESIS_PROJECT_BLOCK|pipeline_riscv_mod2:PIPELINE_RISCV_MOD2|execute_cycle:EX_instance|MEM_mem_en[0]'
Slack : 1.589
TNS   : 0.000

Type  : Fast 1100mV 85C Model Recovery 'Thesis_Project:THESIS_PROJECT_BLOCK|AHB_APB_UART:AHB_APB_UART_BLOCK|APB_UART:APB_UART_BLOCK|BAUD_RATE_GENERATOR:BAUD_RATE_GENERATOR_BLOCK|clk_sel'
Slack : -4.306
TNS   : -1454.679

Type  : Fast 1100mV 85C Model Recovery 'Thesis_Project:THESIS_PROJECT_BLOCK|AHB_APB_UART:AHB_APB_UART_BLOCK|APB_UART:APB_UART_BLOCK|apb_interface:APB_INTERFACE_BLOCK|baud_rate_divisor:BAUD_RATE_DIVISOR_BLOCK|clk_out'
Slack : -4.188
TNS   : -189.606

Type  : Fast 1100mV 85C Model Recovery 'CLOCK_50'
Slack : -3.127
TNS   : -9591.318

Type  : Fast 1100mV 85C Model Recovery 'Thesis_Project:THESIS_PROJECT_BLOCK|pipeline_riscv_mod2:PIPELINE_RISCV_MOD2|fetch_cycle:IF_instance|D_FF_32bit:PC_inst|Q[0]'
Slack : -1.881
TNS   : -49.653

Type  : Fast 1100mV 85C Model Removal 'Thesis_Project:THESIS_PROJECT_BLOCK|pipeline_riscv_mod2:PIPELINE_RISCV_MOD2|fetch_cycle:IF_instance|D_FF_32bit:PC_inst|Q[0]'
Slack : 0.339
TNS   : 0.000

Type  : Fast 1100mV 85C Model Removal 'CLOCK_50'
Slack : 0.463
TNS   : 0.000

Type  : Fast 1100mV 85C Model Removal 'Thesis_Project:THESIS_PROJECT_BLOCK|AHB_APB_UART:AHB_APB_UART_BLOCK|APB_UART:APB_UART_BLOCK|apb_interface:APB_INTERFACE_BLOCK|baud_rate_divisor:BAUD_RATE_DIVISOR_BLOCK|clk_out'
Slack : 0.959
TNS   : 0.000

Type  : Fast 1100mV 85C Model Removal 'Thesis_Project:THESIS_PROJECT_BLOCK|AHB_APB_UART:AHB_APB_UART_BLOCK|APB_UART:APB_UART_BLOCK|BAUD_RATE_GENERATOR:BAUD_RATE_GENERATOR_BLOCK|clk_sel'
Slack : 1.793
TNS   : 0.000

Type  : Fast 1100mV 85C Model Minimum Pulse Width 'CLOCK_50'
Slack : -0.432
TNS   : -282.934

Type  : Fast 1100mV 85C Model Minimum Pulse Width 'Thesis_Project:THESIS_PROJECT_BLOCK|AHB_APB_UART:AHB_APB_UART_BLOCK|APB_UART:APB_UART_BLOCK|BAUD_RATE_GENERATOR:BAUD_RATE_GENERATOR_BLOCK|clk_sel'
Slack : -0.172
TNS   : -25.303

Type  : Fast 1100mV 85C Model Minimum Pulse Width 'Thesis_Project:THESIS_PROJECT_BLOCK|AHB_APB_UART:AHB_APB_UART_BLOCK|APB_UART:APB_UART_BLOCK|apb_interface:APB_INTERFACE_BLOCK|baud_rate_divisor:BAUD_RATE_DIVISOR_BLOCK|clk_out'
Slack : -0.003
TNS   : -0.038

Type  : Fast 1100mV 85C Model Minimum Pulse Width 'KEY[0]'
Slack : 0.010
TNS   : 0.000

Type  : Fast 1100mV 85C Model Minimum Pulse Width 'Thesis_Project:THESIS_PROJECT_BLOCK|pipeline_riscv_mod2:PIPELINE_RISCV_MOD2|fetch_cycle:IF_instance|D_FF_32bit:PC_inst|Q[0]'
Slack : 0.194
TNS   : 0.000

Type  : Fast 1100mV 85C Model Minimum Pulse Width 'Thesis_Project:THESIS_PROJECT_BLOCK|pipeline_riscv_mod2:PIPELINE_RISCV_MOD2|execute_cycle:EX_instance|MEM_mem_en[0]'
Slack : 0.206
TNS   : 0.000

Type  : Fast 1100mV 85C Model Minimum Pulse Width 'Thesis_Project:THESIS_PROJECT_BLOCK|AHB_APB_UART:AHB_APB_UART_BLOCK|APB_UART:APB_UART_BLOCK|uart_start_bit_detect:UART_START_BIT_DETECT_BLOCK|done_flag'
Slack : 0.246
TNS   : 0.000

Type  : Fast 1100mV 85C Model Minimum Pulse Width 'Thesis_Project:THESIS_PROJECT_BLOCK|AHB_APB_UART:AHB_APB_UART_BLOCK|AHB_SLAVE:AHB_APB_BRIDGE|FSM_AHB:State_machine|HwriteReg'
Slack : 0.288
TNS   : 0.000

Type  : Fast 1100mV 85C Model Minimum Pulse Width 'Thesis_Project:THESIS_PROJECT_BLOCK|AHB_APB_UART:AHB_APB_UART_BLOCK|AHB_SLAVE:AHB_APB_BRIDGE|D_FF_1bit_with_Sel:D_FF_PWRITE|Q'
Slack : 0.338
TNS   : 0.000

Type  : Fast 1100mV 85C Model Minimum Pulse Width 'Thesis_Project:THESIS_PROJECT_BLOCK|AHB_APB_UART:AHB_APB_UART_BLOCK|APB_UART:APB_UART_BLOCK|rx_fsm:RX_FSM_BLOCK|present_state.DATA_IS_6'
Slack : 0.357
TNS   : 0.000

Type  : Fast 1100mV 85C Model Minimum Pulse Width 'Thesis_Project:THESIS_PROJECT_BLOCK|AHB_APB_UART:AHB_APB_UART_BLOCK|APB_UART:APB_UART_BLOCK|rx_fsm:RX_FSM_BLOCK|present_state.IDLE'
Slack : 0.447
TNS   : 0.000

Type  : Fast 1100mV 85C Model Minimum Pulse Width 'Thesis_Project:THESIS_PROJECT_BLOCK|AHB_APB_UART:AHB_APB_UART_BLOCK|APB_UART:APB_UART_BLOCK|custom_fsm_wr_rd:CUSTOM_FSM_WR_RD_BLOCK|present_state.INIT'
Slack : 0.462
TNS   : 0.000

Type  : Fast 1100mV 0C Model Setup 'CLOCK_50'
Slack : -5.423
TNS   : -9998.791

Type  : Fast 1100mV 0C Model Setup 'Thesis_Project:THESIS_PROJECT_BLOCK|pipeline_riscv_mod2:PIPELINE_RISCV_MOD2|execute_cycle:EX_instance|MEM_mem_en[0]'
Slack : -4.896
TNS   : -144.084

Type  : Fast 1100mV 0C Model Setup 'Thesis_Project:THESIS_PROJECT_BLOCK|AHB_APB_UART:AHB_APB_UART_BLOCK|APB_UART:APB_UART_BLOCK|uart_start_bit_detect:UART_START_BIT_DETECT_BLOCK|done_flag'
Slack : -3.829
TNS   : -14.119

Type  : Fast 1100mV 0C Model Setup 'Thesis_Project:THESIS_PROJECT_BLOCK|AHB_APB_UART:AHB_APB_UART_BLOCK|APB_UART:APB_UART_BLOCK|custom_fsm_wr_rd:CUSTOM_FSM_WR_RD_BLOCK|present_state.INIT'
Slack : -3.353
TNS   : -14.551

Type  : Fast 1100mV 0C Model Setup 'Thesis_Project:THESIS_PROJECT_BLOCK|AHB_APB_UART:AHB_APB_UART_BLOCK|APB_UART:APB_UART_BLOCK|BAUD_RATE_GENERATOR:BAUD_RATE_GENERATOR_BLOCK|clk_sel'
Slack : -3.220
TNS   : -534.761

Type  : Fast 1100mV 0C Model Setup 'Thesis_Project:THESIS_PROJECT_BLOCK|AHB_APB_UART:AHB_APB_UART_BLOCK|AHB_SLAVE:AHB_APB_BRIDGE|D_FF_1bit_with_Sel:D_FF_PWRITE|Q'
Slack : -2.500
TNS   : -4.184

Type  : Fast 1100mV 0C Model Setup 'Thesis_Project:THESIS_PROJECT_BLOCK|pipeline_riscv_mod2:PIPELINE_RISCV_MOD2|fetch_cycle:IF_instance|D_FF_32bit:PC_inst|Q[0]'
Slack : -2.360
TNS   : -62.218

Type  : Fast 1100mV 0C Model Setup 'Thesis_Project:THESIS_PROJECT_BLOCK|AHB_APB_UART:AHB_APB_UART_BLOCK|AHB_SLAVE:AHB_APB_BRIDGE|FSM_AHB:State_machine|HwriteReg'
Slack : -2.247
TNS   : -16.266

Type  : Fast 1100mV 0C Model Setup 'KEY[0]'
Slack : -1.879
TNS   : -3.703

Type  : Fast 1100mV 0C Model Setup 'Thesis_Project:THESIS_PROJECT_BLOCK|AHB_APB_UART:AHB_APB_UART_BLOCK|APB_UART:APB_UART_BLOCK|apb_interface:APB_INTERFACE_BLOCK|baud_rate_divisor:BAUD_RATE_DIVISOR_BLOCK|clk_out'
Slack : -1.550
TNS   : -50.670

Type  : Fast 1100mV 0C Model Setup 'Thesis_Project:THESIS_PROJECT_BLOCK|AHB_APB_UART:AHB_APB_UART_BLOCK|APB_UART:APB_UART_BLOCK|rx_fsm:RX_FSM_BLOCK|present_state.DATA_IS_6'
Slack : -1.513
TNS   : -16.390

Type  : Fast 1100mV 0C Model Setup 'Thesis_Project:THESIS_PROJECT_BLOCK|AHB_APB_UART:AHB_APB_UART_BLOCK|APB_UART:APB_UART_BLOCK|rx_fsm:RX_FSM_BLOCK|present_state.IDLE'
Slack : -0.500
TNS   : -0.500

Type  : Fast 1100mV 0C Model Hold 'CLOCK_50'
Slack : -1.643
TNS   : -51.518

Type  : Fast 1100mV 0C Model Hold 'Thesis_Project:THESIS_PROJECT_BLOCK|AHB_APB_UART:AHB_APB_UART_BLOCK|APB_UART:APB_UART_BLOCK|BAUD_RATE_GENERATOR:BAUD_RATE_GENERATOR_BLOCK|clk_sel'
Slack : -0.240
TNS   : -0.520

Type  : Fast 1100mV 0C Model Hold 'Thesis_Project:THESIS_PROJECT_BLOCK|AHB_APB_UART:AHB_APB_UART_BLOCK|APB_UART:APB_UART_BLOCK|rx_fsm:RX_FSM_BLOCK|present_state.DATA_IS_6'
Slack : 0.088
TNS   : 0.000

Type  : Fast 1100mV 0C Model Hold 'Thesis_Project:THESIS_PROJECT_BLOCK|AHB_APB_UART:AHB_APB_UART_BLOCK|APB_UART:APB_UART_BLOCK|apb_interface:APB_INTERFACE_BLOCK|baud_rate_divisor:BAUD_RATE_DIVISOR_BLOCK|clk_out'
Slack : 0.093
TNS   : 0.000

Type  : Fast 1100mV 0C Model Hold 'Thesis_Project:THESIS_PROJECT_BLOCK|AHB_APB_UART:AHB_APB_UART_BLOCK|APB_UART:APB_UART_BLOCK|rx_fsm:RX_FSM_BLOCK|present_state.IDLE'
Slack : 0.216
TNS   : 0.000

Type  : Fast 1100mV 0C Model Hold 'Thesis_Project:THESIS_PROJECT_BLOCK|AHB_APB_UART:AHB_APB_UART_BLOCK|APB_UART:APB_UART_BLOCK|uart_start_bit_detect:UART_START_BIT_DETECT_BLOCK|done_flag'
Slack : 0.348
TNS   : 0.000

Type  : Fast 1100mV 0C Model Hold 'Thesis_Project:THESIS_PROJECT_BLOCK|AHB_APB_UART:AHB_APB_UART_BLOCK|APB_UART:APB_UART_BLOCK|custom_fsm_wr_rd:CUSTOM_FSM_WR_RD_BLOCK|present_state.INIT'
Slack : 0.402
TNS   : 0.000

Type  : Fast 1100mV 0C Model Hold 'KEY[0]'
Slack : 0.437
TNS   : 0.000

Type  : Fast 1100mV 0C Model Hold 'Thesis_Project:THESIS_PROJECT_BLOCK|pipeline_riscv_mod2:PIPELINE_RISCV_MOD2|fetch_cycle:IF_instance|D_FF_32bit:PC_inst|Q[0]'
Slack : 1.232
TNS   : 0.000

Type  : Fast 1100mV 0C Model Hold 'Thesis_Project:THESIS_PROJECT_BLOCK|AHB_APB_UART:AHB_APB_UART_BLOCK|AHB_SLAVE:AHB_APB_BRIDGE|D_FF_1bit_with_Sel:D_FF_PWRITE|Q'
Slack : 1.258
TNS   : 0.000

Type  : Fast 1100mV 0C Model Hold 'Thesis_Project:THESIS_PROJECT_BLOCK|AHB_APB_UART:AHB_APB_UART_BLOCK|AHB_SLAVE:AHB_APB_BRIDGE|FSM_AHB:State_machine|HwriteReg'
Slack : 1.483
TNS   : 0.000

Type  : Fast 1100mV 0C Model Hold 'Thesis_Project:THESIS_PROJECT_BLOCK|pipeline_riscv_mod2:PIPELINE_RISCV_MOD2|execute_cycle:EX_instance|MEM_mem_en[0]'
Slack : 1.563
TNS   : 0.000

Type  : Fast 1100mV 0C Model Recovery 'Thesis_Project:THESIS_PROJECT_BLOCK|AHB_APB_UART:AHB_APB_UART_BLOCK|APB_UART:APB_UART_BLOCK|BAUD_RATE_GENERATOR:BAUD_RATE_GENERATOR_BLOCK|clk_sel'
Slack : -4.246
TNS   : -1442.349

Type  : Fast 1100mV 0C Model Recovery 'Thesis_Project:THESIS_PROJECT_BLOCK|AHB_APB_UART:AHB_APB_UART_BLOCK|APB_UART:APB_UART_BLOCK|apb_interface:APB_INTERFACE_BLOCK|baud_rate_divisor:BAUD_RATE_DIVISOR_BLOCK|clk_out'
Slack : -4.137
TNS   : -187.388

Type  : Fast 1100mV 0C Model Recovery 'CLOCK_50'
Slack : -2.831
TNS   : -9208.606

Type  : Fast 1100mV 0C Model Recovery 'Thesis_Project:THESIS_PROJECT_BLOCK|pipeline_riscv_mod2:PIPELINE_RISCV_MOD2|fetch_cycle:IF_instance|D_FF_32bit:PC_inst|Q[0]'
Slack : -1.835
TNS   : -48.998

Type  : Fast 1100mV 0C Model Removal 'CLOCK_50'
Slack : 0.324
TNS   : 0.000

Type  : Fast 1100mV 0C Model Removal 'Thesis_Project:THESIS_PROJECT_BLOCK|pipeline_riscv_mod2:PIPELINE_RISCV_MOD2|fetch_cycle:IF_instance|D_FF_32bit:PC_inst|Q[0]'
Slack : 0.377
TNS   : 0.000

Type  : Fast 1100mV 0C Model Removal 'Thesis_Project:THESIS_PROJECT_BLOCK|AHB_APB_UART:AHB_APB_UART_BLOCK|APB_UART:APB_UART_BLOCK|apb_interface:APB_INTERFACE_BLOCK|baud_rate_divisor:BAUD_RATE_DIVISOR_BLOCK|clk_out'
Slack : 0.945
TNS   : 0.000

Type  : Fast 1100mV 0C Model Removal 'Thesis_Project:THESIS_PROJECT_BLOCK|AHB_APB_UART:AHB_APB_UART_BLOCK|APB_UART:APB_UART_BLOCK|BAUD_RATE_GENERATOR:BAUD_RATE_GENERATOR_BLOCK|clk_sel'
Slack : 1.807
TNS   : 0.000

Type  : Fast 1100mV 0C Model Minimum Pulse Width 'CLOCK_50'
Slack : -0.446
TNS   : -285.448

Type  : Fast 1100mV 0C Model Minimum Pulse Width 'Thesis_Project:THESIS_PROJECT_BLOCK|AHB_APB_UART:AHB_APB_UART_BLOCK|APB_UART:APB_UART_BLOCK|BAUD_RATE_GENERATOR:BAUD_RATE_GENERATOR_BLOCK|clk_sel'
Slack : -0.093
TNS   : -8.201

Type  : Fast 1100mV 0C Model Minimum Pulse Width 'KEY[0]'
Slack : -0.002
TNS   : -0.002

Type  : Fast 1100mV 0C Model Minimum Pulse Width 'Thesis_Project:THESIS_PROJECT_BLOCK|AHB_APB_UART:AHB_APB_UART_BLOCK|APB_UART:APB_UART_BLOCK|apb_interface:APB_INTERFACE_BLOCK|baud_rate_divisor:BAUD_RATE_DIVISOR_BLOCK|clk_out'
Slack : 0.036
TNS   : 0.000

Type  : Fast 1100mV 0C Model Minimum Pulse Width 'Thesis_Project:THESIS_PROJECT_BLOCK|pipeline_riscv_mod2:PIPELINE_RISCV_MOD2|execute_cycle:EX_instance|MEM_mem_en[0]'
Slack : 0.242
TNS   : 0.000

Type  : Fast 1100mV 0C Model Minimum Pulse Width 'Thesis_Project:THESIS_PROJECT_BLOCK|pipeline_riscv_mod2:PIPELINE_RISCV_MOD2|fetch_cycle:IF_instance|D_FF_32bit:PC_inst|Q[0]'
Slack : 0.244
TNS   : 0.000

Type  : Fast 1100mV 0C Model Minimum Pulse Width 'Thesis_Project:THESIS_PROJECT_BLOCK|AHB_APB_UART:AHB_APB_UART_BLOCK|APB_UART:APB_UART_BLOCK|uart_start_bit_detect:UART_START_BIT_DETECT_BLOCK|done_flag'
Slack : 0.306
TNS   : 0.000

Type  : Fast 1100mV 0C Model Minimum Pulse Width 'Thesis_Project:THESIS_PROJECT_BLOCK|AHB_APB_UART:AHB_APB_UART_BLOCK|AHB_SLAVE:AHB_APB_BRIDGE|FSM_AHB:State_machine|HwriteReg'
Slack : 0.335
TNS   : 0.000

Type  : Fast 1100mV 0C Model Minimum Pulse Width 'Thesis_Project:THESIS_PROJECT_BLOCK|AHB_APB_UART:AHB_APB_UART_BLOCK|AHB_SLAVE:AHB_APB_BRIDGE|D_FF_1bit_with_Sel:D_FF_PWRITE|Q'
Slack : 0.370
TNS   : 0.000

Type  : Fast 1100mV 0C Model Minimum Pulse Width 'Thesis_Project:THESIS_PROJECT_BLOCK|AHB_APB_UART:AHB_APB_UART_BLOCK|APB_UART:APB_UART_BLOCK|rx_fsm:RX_FSM_BLOCK|present_state.DATA_IS_6'
Slack : 0.386
TNS   : 0.000

Type  : Fast 1100mV 0C Model Minimum Pulse Width 'Thesis_Project:THESIS_PROJECT_BLOCK|AHB_APB_UART:AHB_APB_UART_BLOCK|APB_UART:APB_UART_BLOCK|rx_fsm:RX_FSM_BLOCK|present_state.IDLE'
Slack : 0.444
TNS   : 0.000

Type  : Fast 1100mV 0C Model Minimum Pulse Width 'Thesis_Project:THESIS_PROJECT_BLOCK|AHB_APB_UART:AHB_APB_UART_BLOCK|APB_UART:APB_UART_BLOCK|custom_fsm_wr_rd:CUSTOM_FSM_WR_RD_BLOCK|present_state.INIT'
Slack : 0.475
TNS   : 0.000

------------------------------------------------------------
